
> frontend@0.0.0 build
> vite build

[36mvite v8.0.3 [32mbuilding client environment for production...[36m[39m
[2K
transforming...Γ£ô 1772 modules transformed.
rendering chunks...
computing gzip size...
dist/index.html                   0.45 kB Γöé gzip:  0.29 kB
dist/assets/index-nB3jFojh.css    8.22 kB Γöé gzip:  2.33 kB
dist/assets/index-CihUlry3.js   244.24 kB Γöé gzip: 79.06 kB

[32mΓ£ô built in 1.30s[39m
